Archive member included to satisfy reference by file (symbol)

D:/tool/ST/STM32CubeIDE_1.7.0/STM32CubeIDE/plugins/com.st.stm32cube.ide.mcu.externaltools.gnu-tools-for-stm32.12.3.rel1.win32_1.0.200.202406191623/tools/bin/../lib/gcc/arm-none-eabi/12.3.1/../../../../arm-none-eabi/lib/thumb/v7-m/nofp\libc_nano.a(libc_a-exit.o)
                              D:/tool/ST/STM32CubeIDE_1.7.0/STM32CubeIDE/plugins/com.st.stm32cube.ide.mcu.externaltools.gnu-tools-for-stm32.12.3.rel1.win32_1.0.200.202406191623/tools/bin/../lib/gcc/arm-none-eabi/12.3.1/../../../../arm-none-eabi/lib/thumb/v7-m/nofp/crt0.o (exit)
D:/tool/ST/STM32CubeIDE_1.7.0/STM32CubeIDE/plugins/com.st.stm32cube.ide.mcu.externaltools.gnu-tools-for-stm32.12.3.rel1.win32_1.0.200.202406191623/tools/bin/../lib/gcc/arm-none-eabi/12.3.1/../../../../arm-none-eabi/lib/thumb/v7-m/nofp\libc_nano.a(libc_a-malloc.o)
                              ./Core/Src/scheduler.o (malloc)
D:/tool/ST/STM32CubeIDE_1.7.0/STM32CubeIDE/plugins/com.st.stm32cube.ide.mcu.externaltools.gnu-tools-for-stm32.12.3.rel1.win32_1.0.200.202406191623/tools/bin/../lib/gcc/arm-none-eabi/12.3.1/../../../../arm-none-eabi/lib/thumb/v7-m/nofp\libc_nano.a(libc_a-mallocr.o)
                              D:/tool/ST/STM32CubeIDE_1.7.0/STM32CubeIDE/plugins/com.st.stm32cube.ide.mcu.externaltools.gnu-tools-for-stm32.12.3.rel1.win32_1.0.200.202406191623/tools/bin/../lib/gcc/arm-none-eabi/12.3.1/../../../../arm-none-eabi/lib/thumb/v7-m/nofp\libc_nano.a(libc_a-malloc.o) (_malloc_r)
D:/tool/ST/STM32CubeIDE_1.7.0/STM32CubeIDE/plugins/com.st.stm32cube.ide.mcu.externaltools.gnu-tools-for-stm32.12.3.rel1.win32_1.0.200.202406191623/tools/bin/../lib/gcc/arm-none-eabi/12.3.1/../../../../arm-none-eabi/lib/thumb/v7-m/nofp\libc_nano.a(libc_a-mlock.o)
                              D:/tool/ST/STM32CubeIDE_1.7.0/STM32CubeIDE/plugins/com.st.stm32cube.ide.mcu.externaltools.gnu-tools-for-stm32.12.3.rel1.win32_1.0.200.202406191623/tools/bin/../lib/gcc/arm-none-eabi/12.3.1/../../../../arm-none-eabi/lib/thumb/v7-m/nofp\libc_nano.a(libc_a-mallocr.o) (__malloc_lock)
D:/tool/ST/STM32CubeIDE_1.7.0/STM32CubeIDE/plugins/com.st.stm32cube.ide.mcu.externaltools.gnu-tools-for-stm32.12.3.rel1.win32_1.0.200.202406191623/tools/bin/../lib/gcc/arm-none-eabi/12.3.1/../../../../arm-none-eabi/lib/thumb/v7-m/nofp\libc_nano.a(libc_a-findfp.o)
                              D:/tool/ST/STM32CubeIDE_1.7.0/STM32CubeIDE/plugins/com.st.stm32cube.ide.mcu.externaltools.gnu-tools-for-stm32.12.3.rel1.win32_1.0.200.202406191623/tools/bin/../lib/gcc/arm-none-eabi/12.3.1/../../../../arm-none-eabi/lib/thumb/v7-m/nofp\libc_nano.a(libc_a-exit.o) (__stdio_exit_handler)
D:/tool/ST/STM32CubeIDE_1.7.0/STM32CubeIDE/plugins/com.st.stm32cube.ide.mcu.externaltools.gnu-tools-for-stm32.12.3.rel1.win32_1.0.200.202406191623/tools/bin/../lib/gcc/arm-none-eabi/12.3.1/../../../../arm-none-eabi/lib/thumb/v7-m/nofp\libc_nano.a(libc_a-fwalk.o)
                              D:/tool/ST/STM32CubeIDE_1.7.0/STM32CubeIDE/plugins/com.st.stm32cube.ide.mcu.externaltools.gnu-tools-for-stm32.12.3.rel1.win32_1.0.200.202406191623/tools/bin/../lib/gcc/arm-none-eabi/12.3.1/../../../../arm-none-eabi/lib/thumb/v7-m/nofp\libc_nano.a(libc_a-findfp.o) (_fwalk_sglue)
D:/tool/ST/STM32CubeIDE_1.7.0/STM32CubeIDE/plugins/com.st.stm32cube.ide.mcu.externaltools.gnu-tools-for-stm32.12.3.rel1.win32_1.0.200.202406191623/tools/bin/../lib/gcc/arm-none-eabi/12.3.1/../../../../arm-none-eabi/lib/thumb/v7-m/nofp\libc_nano.a(libc_a-stdio.o)
                              D:/tool/ST/STM32CubeIDE_1.7.0/STM32CubeIDE/plugins/com.st.stm32cube.ide.mcu.externaltools.gnu-tools-for-stm32.12.3.rel1.win32_1.0.200.202406191623/tools/bin/../lib/gcc/arm-none-eabi/12.3.1/../../../../arm-none-eabi/lib/thumb/v7-m/nofp\libc_nano.a(libc_a-findfp.o) (__sread)
D:/tool/ST/STM32CubeIDE_1.7.0/STM32CubeIDE/plugins/com.st.stm32cube.ide.mcu.externaltools.gnu-tools-for-stm32.12.3.rel1.win32_1.0.200.202406191623/tools/bin/../lib/gcc/arm-none-eabi/12.3.1/../../../../arm-none-eabi/lib/thumb/v7-m/nofp\libc_nano.a(libc_a-memset.o)
                              D:/tool/ST/STM32CubeIDE_1.7.0/STM32CubeIDE/plugins/com.st.stm32cube.ide.mcu.externaltools.gnu-tools-for-stm32.12.3.rel1.win32_1.0.200.202406191623/tools/bin/../lib/gcc/arm-none-eabi/12.3.1/../../../../arm-none-eabi/lib/thumb/v7-m/nofp/crt0.o (memset)
D:/tool/ST/STM32CubeIDE_1.7.0/STM32CubeIDE/plugins/com.st.stm32cube.ide.mcu.externaltools.gnu-tools-for-stm32.12.3.rel1.win32_1.0.200.202406191623/tools/bin/../lib/gcc/arm-none-eabi/12.3.1/../../../../arm-none-eabi/lib/thumb/v7-m/nofp\libc_nano.a(libc_a-closer.o)
                              D:/tool/ST/STM32CubeIDE_1.7.0/STM32CubeIDE/plugins/com.st.stm32cube.ide.mcu.externaltools.gnu-tools-for-stm32.12.3.rel1.win32_1.0.200.202406191623/tools/bin/../lib/gcc/arm-none-eabi/12.3.1/../../../../arm-none-eabi/lib/thumb/v7-m/nofp\libc_nano.a(libc_a-stdio.o) (_close_r)
[...]
Memory Configuration

Name             Origin             Length             Attributes
RAM              0x20000000         0x00002800         xrw
FLASH            0x08000000         0x00008000         xr
*default*        0x00000000         0xffffffff

Linker script and memory map

LOAD D:/tool/ST/STM32CubeIDE_1.7.0/STM32CubeIDE/plugins/com.st.stm32cube.ide.mcu.externaltools.gnu-tools-for-stm32.12.3.rel1.win32_1.0.200.202406191623/tools/bin/../lib/gcc/arm-none-eabi/12.3.1/thumb/v7-m/nofp/crti.o
LOAD D:/tool/ST/STM32CubeIDE_1.7.0/STM32CubeIDE/plugins/com.st.stm32cube.ide.mcu.externaltools.gnu-tools-for-stm32.12.3.rel1.win32_1.0.200.202406191623/tools/bin/../lib/gcc/arm-none-eabi/12.3.1/thumb/v7-m/nofp/crtbegin.o
LOAD D:/tool/ST/STM32CubeIDE_1.7.0/STM32CubeIDE/plugins/com.st.stm32cube.ide.mcu.externaltools.gnu-tools-for-stm32.12.3.rel1.win32_1.0.200.202406191623/tools/bin/../lib/gcc/arm-none-eabi/12.3.1/../../../../arm-none-eabi/lib/thumb/v7-m/nofp/crt0.o
LOAD ./Core/Src/Led7Segment.o
LOAD ./Core/Src/blink.o
LOAD ./Core/Src/fsm_automatic.o
LOAD ./Core/Src/fsm_manual.o
LOAD ./Core/Src/fsm_setting.o
LOAD ./Core/Src/global.o
LOAD ./Core/Src/input_processing.o
LOAD ./Core/Src/input_reading.o
LOAD ./Core/Src/main.o
LOAD ./Core/Src/scheduler.o
LOAD ./Core/Src/setTrafficLight.o
LOAD ./Core/Src/stm32f1xx_hal_msp.o
LOAD ./Core/Src/stm32f1xx_it.o
LOAD ./Core/Src/syscalls.o
LOAD ./Core/Src/sysmem.o
LOAD ./Core/Src/system_stm32f1xx.o
LOAD ./Core/Src/timer.o
LOAD ./Core/Startup/startup_stm32f103c6tx.o
LOAD ./Drivers/STM32F1xx_HAL_Driver/Src/stm32f1xx_hal.o
LOAD ./Drivers/STM32F1xx_HAL_Driver/Src/stm32f1xx_hal_cortex.o
LOAD ./Drivers/STM32F1xx_HAL_Driver/Src/stm32f1xx_hal_dma.o
LOAD ./Drivers/STM32F1xx_HAL_Driver/Src/stm32f1xx_hal_exti.o
LOAD ./Drivers/STM32F1xx_HAL_Driver/Src/stm32f1xx_hal_flash.o
LOAD ./Drivers/STM32F1xx_HAL_Driver/Src/stm32f1xx_hal_flash_ex.o
LOAD ./Drivers/STM32F1xx_HAL_Driver/Src/stm32f1xx_hal_gpio.o
LOAD ./Drivers/STM32F1xx_HAL_Driver/Src/stm32f1xx_hal_gpio_ex.o
LOAD ./Drivers/STM32F1xx_HAL_Driver/Src/stm32f1xx_hal_pwr.o
LOAD ./Drivers/STM32F1xx_HAL_Driver/Src/stm32f1xx_hal_rcc.o
LOAD ./Drivers/STM32F1xx_HAL_Driver/Src/stm32f1xx_hal_rcc_ex.o
LOAD ./Drivers/STM32F1xx_HAL_Driver/Src/stm32f1xx_hal_tim.o
LOAD ./Drivers/STM32F1xx_HAL_Driver/Src/stm32f1xx_hal_tim_ex.o
START GROUP
LOAD D:/tool/ST/STM32CubeIDE_1.7.0/STM32CubeIDE/plugins/com.st.stm32cube.ide.mcu.externaltools.gnu-tools-for-stm32.12.3.rel1.win32_1.0.200.202406191623/tools/bin/../lib/gcc/arm-none-eabi/12.3.1/../../../../arm-none-eabi/lib/thumb/v7-m/nofp\libc_nano.a
LOAD D:/tool/ST/STM32CubeIDE_1.7.0/STM32CubeIDE/plugins/com.st.stm32cube.ide.mcu.externaltools.gnu-tools-for-stm32.12.3.rel1.win32_1.0.200.202406191623/tools/bin/../lib/gcc/arm-none-eabi/12.3.1/../../../../arm-none-eabi/lib/thumb/v7-m/nofp\libm.a
END GROUP
START GROUP
LOAD D:/tool/ST/STM32CubeIDE_1.7.0/STM32CubeIDE/plugins/com.st.stm32cube.ide.mcu.externaltools.gnu-tools-for-stm32.12.3.rel1.win32_1.0.200.202406191623/tools/bin/../lib/gcc/arm-none-eabi/12.3.1/thumb/v7-m/nofp\libgcc.a
LOAD D:/tool/ST/STM32CubeIDE_1.7.0/STM32CubeIDE/plugins/com.st.stm32cube.ide.mcu.externaltools.gnu-tools-for-stm32.12.3.rel1.win32_1.0.200.202406191623/tools/bin/../lib/gcc/arm-none-eabi/12.3.1/../../../../arm-none-eabi/lib/thumb/v7-m/nofp\libc_nano.a
END GROUP
START GROUP
LOAD D:/tool/ST/STM32CubeIDE_1.7.0/STM32CubeIDE/plugins/com.st.stm32cube.ide.mcu.externaltools.gnu-tools-for-stm32.12.3.rel1.win32_1.0.200.202406191623/tools/bin/../lib/gcc/arm-none-eabi/12.3.1/thumb/v7-m/nofp\libgcc.a
LOAD D:/tool/ST/STM32CubeIDE_1.7.0/STM32CubeIDE/plugins/com.st.stm32cube.ide.mcu.externaltools.gnu-tools-for-stm32.12.3.rel1.win32_1.0.200.202406191623/tools/bin/../lib/gcc/arm-none-eabi/12.3.1/../../../../arm-none-eabi/lib/thumb/v7-m/nofp\libc_nano.a
LOAD D:/tool/ST/STM32CubeIDE_1.7.0/STM32CubeIDE/plugins/com.st.stm32cube.ide.mcu.externaltools.gnu-tools-for-stm32.12.3.rel1.win32_1.0.200.202406191623/tools/bin/../lib/gcc/arm-none-eabi/12.3.1/../../../../arm-none-eabi/lib/thumb/v7-m/nofp\libnosys.a
END GROUP
START GROUP
LOAD D:/tool/ST/STM32CubeIDE_1.7.0/STM32CubeIDE/plugins/com.st.stm32cube.ide.mcu.externaltools.gnu-tools-for-stm32.12.3.rel1.win32_1.0.200.202406191623/tools/bin/../lib/gcc/arm-none-eabi/12.3.1/thumb/v7-m/nofp\libgcc.a
LOAD D:/tool/ST/STM32CubeIDE_1.7.0/STM32CubeIDE/plugins/com.st.stm32cube.ide.mcu.externaltools.gnu-tools-for-stm32.12.3.rel1.win32_1.0.200.202406191623/tools/bin/../lib/gcc/arm-none-eabi/12.3.1/../../../../arm-none-eabi/lib/thumb/v7-m/nofp\libc_nano.a
LOAD D:/tool/ST/STM32CubeIDE_1.7.0/STM32CubeIDE/plugins/com.st.stm32cube.ide.mcu.externaltools.gnu-tools-for-stm32.12.3.rel1.win32_1.0.200.202406191623/tools/bin/../lib/gcc/arm-none-eabi/12.3.1/../../../../arm-none-eabi/lib/thumb/v7-m/nofp\libnosys.a
END GROUP
LOAD D:/tool/ST/STM32CubeIDE_1.7.0/STM32CubeIDE/plugins/com.st.stm32cube.ide.mcu.externaltools.gnu-tools-for-stm32.12.3.rel1.win32_1.0.200.202406191623/tools/bin/../lib/gcc/arm-none-eabi/12.3.1/thumb/v7-m/nofp/crtend.o
LOAD D:/tool/ST/STM32CubeIDE_1.7.0/STM32CubeIDE/plugins/com.st.stm32cube.ide.mcu.externaltools.gnu-tools-for-stm32.12.3.rel1.win32_1.0.200.202406191623/tools/bin/../lib/gcc/arm-none-eabi/12.3.1/thumb/v7-m/nofp/crtn.o
                0x20002800                        _estack = (ORIGIN (RAM) + LENGTH (RAM))
                0x00000200                        _Min_Heap_Size = 0x200
                0x00000400                        _Min_Stack_Size = 0x400

.isr_vector     0x08000000      0x10c
                0x08000000                        . = ALIGN (0x4)
 *(.isr_vector)
 .isr_vector    0x08000000      0x10c ./Core/Startup/startup_stm32f103c6tx.o
                0x08000000                g_pfnVectors
                0x0800010c                        . = ALIGN (0x4)

.text           0x0800010c     0x31e4
                0x0800010c                        . = ALIGN (0x4)
 *(.text)
 .text          0x0800010c       0x40 D:/tool/ST/STM32CubeIDE_1.7.0/STM32CubeIDE/plugins/com.st.stm32cube.ide.mcu.externaltools.gnu-tools-for-stm32.12.3.rel1.win32_1.0.200.202406191623/tools/bin/../lib/gcc/arm-none-eabi/12.3.1/thumb/v7-m/nofp/crtbegin.o
 *(.text*)
 .text.display7SEG
                0x0800014c      0x8cc ./Core/Src/Led7Segment.o
                0x0800014c                display7SEG
 .text.update_LED7_buffer_mode
                0x08000a18       0x48 ./Core/Src/Led7Segment.o
                0x08000a18                update_LED7_buffer_mode
 .text.update_LED7_buffer_counter
                0x08000a60       0x48 ./Core/Src/Led7Segment.o
                0x08000a60                update_LED7_buffer_counter
 .text.update_7seg_led
                0x08000aa8       0x5c ./Core/Src/Led7Segment.o
                0x08000aa8                update_7seg_led
 .text.blink_1s
                0x08000b04       0x30 ./Core/Src/blink.o
                0x08000b04                blink_1s
 .text.Reset_Display_new_stats
                0x08000b34       0x80 ./Core/Src/fsm_automatic.o
                0x08000b34                Reset_Display_new_stats
 .text.displayTrafficLight
                0x08000bb4      0x200 ./Core/Src/fsm_automatic.o
                0x08000bb4                displayTrafficLight
 .text.clear_all_light
                0x08000db4       0x48 ./Core/Src/fsm_manual.o
                0x08000db4                clear_all_light
 .text.blinkingLight
                0x08000dfc       0x88 ./Core/Src/fsm_manual.o
                0x08000dfc                blinkingLight
 .text.prepare_for_change_mode
                0x08000e84       0x64 ./Core/Src/fsm_manual.o
                0x08000e84                prepare_for_change_mode
 .text.fsm_change_mode
                0x08000ee8       0xcc ./Core/Src/fsm_manual.o
                0x08000ee8                fsm_change_mode
 .text.change_set_counter
                0x08000fb4       0x78 ./Core/Src/fsm_setting.o
                0x08000fb4                change_set_counter
 .text.fsm_for_button_processing
                0x0800102c       0xa0 ./Core/Src/input_processing.o
                0x0800102c                fsm_for_button_processing
 .text.is_button_pressed_and_released
                0x080010cc       0x34 ./Core/Src/input_processing.o
                0x080010cc                is_button_pressed_and_released
 .text.getKeyInput
                0x08001100       0x8c ./Core/Src/input_reading.o
                0x08001100                getKeyInput
 .text.is_button_pressed
                0x0800118c       0x34 ./Core/Src/input_reading.o
                0x0800118c                is_button_pressed
 .text.main     0x080011c0       0x78 ./Core/Src/main.o
                0x080011c0                main
 .text.SystemClock_Config
                0x08001238       0x76 ./Core/Src/main.o
                0x08001238                SystemClock_Config
 *fill*         0x080012ae        0x2 
 .text.MX_TIM2_Init
                0x080012b0       0x98 ./Core/Src/main.o
 .text.MX_GPIO_Init
                0x08001348       0xc4 ./Core/Src/main.o
 .text.HAL_TIM_PeriodElapsedCallback
                0x0800140c       0x14 ./Core/Src/main.o
                0x0800140c                HAL_TIM_PeriodElapsedCallback
 .text.Error_Handler
                0x08001420        0xc ./Core/Src/main.o
                0x08001420                Error_Handler
 .text.SCH_Add_Task
                0x0800142c       0x5c ./Core/Src/scheduler.o
                0x0800142c                SCH_Add_Task
 .text.SCH_Update
                0x08001488       0x1c ./Core/Src/scheduler.o
                0x08001488                SCH_Update
 .text.SCH_Dispatch_Tasks
                0x080014a4       0x90 ./Core/Src/scheduler.o
                0x080014a4                SCH_Dispatch_Tasks
 .text.SCH_Delete
                0x08001534       0x78 ./Core/Src/scheduler.o
                0x08001534                SCH_Delete
 .text.setRedH  0x080015ac       0x2c ./Core/Src/setTrafficLight.o
                0x080015ac                setRedH
 .text.setYellowH
                0x080015d8       0x2c ./Core/Src/setTrafficLight.o
                0x080015d8                setYellowH
 .text.setGreenH
                0x08001604       0x2c ./Core/Src/setTrafficLight.o
                0x08001604                setGreenH
 .text.setRedV  0x08001630       0x2c ./Core/Src/setTrafficLight.o
                0x08001630                setRedV
 .text.setYellowV
                0x0800165c       0x2c ./Core/Src/setTrafficLight.o
                0x0800165c                setYellowV
 .text.setGreenV
                0x08001688       0x2c ./Core/Src/setTrafficLight.o
                0x08001688                setGreenV
 .text.HAL_MspInit
                0x080016b4       0x64 ./Core/Src/stm32f1xx_hal_msp.o
                0x080016b4                HAL_MspInit
 .text.HAL_TIM_Base_MspInit
                0x08001718       0x48 ./Core/Src/stm32f1xx_hal_msp.o
                0x08001718                HAL_TIM_Base_MspInit
 .text.NMI_Handler
                0x08001760        0x8 ./Core/Src/stm32f1xx_it.o
                0x08001760                NMI_Handler
 .text.HardFault_Handler
                0x08001768        0x8 ./Core/Src/stm32f1xx_it.o
                0x08001768                HardFault_Handler
 .text.MemManage_Handler
                0x08001770        0x8 ./Core/Src/stm32f1xx_it.o
                0x08001770                MemManage_Handler
 .text.BusFault_Handler
                0x08001778        0x8 ./Core/Src/stm32f1xx_it.o
                0x08001778                BusFault_Handler
 .text.UsageFault_Handler
                0x08001780        0x8 ./Core/Src/stm32f1xx_it.o
                0x08001780                UsageFault_Handler
 .text.SVC_Handler
                0x08001788        0xc ./Core/Src/stm32f1xx_it.o
                0x08001788                SVC_Handler
 .text.DebugMon_Handler
                0x08001794        0xc ./Core/Src/stm32f1xx_it.o
                0x08001794                DebugMon_Handler
 .text.PendSV_Handler
                0x080017a0        0xc ./Core/Src/stm32f1xx_it.o
                0x080017a0                PendSV_Handler
 .text.SysTick_Handler
                0x080017ac        0xc ./Core/Src/stm32f1xx_it.o
                0x080017ac                SysTick_Handler
 .text.TIM2_IRQHandler
                0x080017b8       0x14 ./Core/Src/stm32f1xx_it.o
                0x080017b8                TIM2_IRQHandler
 .text._sbrk    0x080017cc       0x6c ./Core/Src/sysmem.o
                0x080017cc                _sbrk
 .text.SystemInit
                0x08001838        0xc ./Core/Src/system_stm32f1xx.o
                0x08001838                SystemInit
 .text.setTimerpure
                0x08001844       0x34 ./Core/Src/timer.o
                0x08001844                setTimerpure
 .text.setTimerTrafficHorizontal
                0x08001878       0x34 ./Core/Src/timer.o
                0x08001878                setTimerTrafficHorizontal
 .text.setTimerTrafficVertical
                0x080018ac       0x34 ./Core/Src/timer.o
                0x080018ac                setTimerTrafficVertical
 .text.setTimerBlink
                0x080018e0       0x34 ./Core/Src/timer.o
                0x080018e0                setTimerBlink
 .text.setTimerLED7
                0x08001914       0x34 ./Core/Src/timer.o
                0x08001914                setTimerLED7
 .text.timer_run
                0x08001948       0xd4 ./Core/Src/timer.o
                0x08001948                timer_run
 .text.Reset_Handler
                0x08001a1c       0x48 ./Core/Startup/startup_stm32f103c6tx.o
                0x08001a1c                Reset_Handler
 .text.Default_Handler
                0x08001a64        0x2 ./Core/Startup/startup_stm32f103c6tx.o
                0x08001a64                RTC_Alarm_IRQHandler
                0x08001a64                EXTI2_IRQHandler
                0x08001a64                TIM1_CC_IRQHandler
                0x08001a64                PVD_IRQHandler
                0x08001a64                EXTI3_IRQHandler
                0x08001a64                EXTI0_IRQHandler
                0x08001a64                ADC1_2_IRQHandler
                0x08001a64                SPI1_IRQHandler
                0x08001a64                TAMPER_IRQHandler
                0x08001a64                DMA1_Channel4_IRQHandler
                0x08001a64                RTC_IRQHandler
                0x08001a64                DMA1_Channel7_IRQHandler
                0x08001a64                CAN1_RX1_IRQHandler
                0x08001a64                I2C1_EV_IRQHandler
                0x08001a64                DMA1_Channel6_IRQHandler
                0x08001a64                TIM3_IRQHandler
                0x08001a64                RCC_IRQHandler
                0x08001a64                TIM1_TRG_COM_IRQHandler
                0x08001a64                DMA1_Channel1_IRQHandler
                0x08001a64                Default_Handler
                0x08001a64                EXTI15_10_IRQHandler
                0x08001a64                EXTI9_5_IRQHandler
                0x08001a64                DMA1_Channel5_IRQHandler
                0x08001a64                EXTI4_IRQHandler
                0x08001a64                USB_LP_CAN1_RX0_IRQHandler
                0x08001a64                USB_HP_CAN1_TX_IRQHandler
                0x08001a64                DMA1_Channel3_IRQHandler
                0x08001a64                TIM1_UP_IRQHandler
                0x08001a64                WWDG_IRQHandler
                0x08001a64                TIM1_BRK_IRQHandler
                0x08001a64                EXTI1_IRQHandler
                0x08001a64                USART2_IRQHandler
                0x08001a64                DMA1_Channel2_IRQHandler
                0x08001a64                CAN1_SCE_IRQHandler
                0x08001a64                FLASH_IRQHandler
                0x08001a64                USART1_IRQHandler
                0x08001a64                I2C1_ER_IRQHandler
                0x08001a64                USBWakeUp_IRQHandler
 *fill*         0x08001a66        0x2 
 .text.HAL_Init
                0x08001a68       0x2c ./Drivers/STM32F1xx_HAL_Driver/Src/stm32f1xx_hal.o
                0x08001a68                HAL_Init
 .text.HAL_InitTick
                0x08001a94       0x60 ./Drivers/STM32F1xx_HAL_Driver/Src/stm32f1xx_hal.o
                0x08001a94                HAL_InitTick
 .text.HAL_IncTick
                0x08001af4       0x24 ./Drivers/STM32F1xx_HAL_Driver/Src/stm32f1xx_hal.o
                0x08001af4                HAL_IncTick
 .text.HAL_GetTick
                0x08001b18       0x14 ./Drivers/STM32F1xx_HAL_Driver/Src/stm32f1xx_hal.o
                0x08001b18                HAL_GetTick
 .text.__NVIC_SetPriorityGrouping
                0x08001b2c       0x48 ./Drivers/STM32F1xx_HAL_Driver/Src/stm32f1xx_hal_cortex.o
 .text.__NVIC_GetPriorityGrouping
                0x08001b74       0x1c ./Drivers/STM32F1xx_HAL_Driver/Src/stm32f1xx_hal_cortex.o
 .text.__NVIC_EnableIRQ
                0x08001b90       0x38 ./Drivers/STM32F1xx_HAL_Driver/Src/stm32f1xx_hal_cortex.o
 .text.__NVIC_SetPriority
                0x08001bc8       0x54 ./Drivers/STM32F1xx_HAL_Driver/Src/stm32f1xx_hal_cortex.o
 .text.NVIC_EncodePriority
                0x08001c1c       0x64 ./Drivers/STM32F1xx_HAL_Driver/Src/stm32f1xx_hal_cortex.o
 .text.SysTick_Config
                0x08001c80       0x44 ./Drivers/STM32F1xx_HAL_Driver/Src/stm32f1xx_hal_cortex.o
 .text.HAL_NVIC_SetPriorityGrouping
                0x08001cc4       0x16 ./Drivers/STM32F1xx_HAL_Driver/Src/stm32f1xx_hal_cortex.o
                0x08001cc4                HAL_NVIC_SetPriorityGrouping
 .text.HAL_NVIC_SetPriority
                0x08001cda       0x38 ./Drivers/STM32F1xx_HAL_Driver/Src/stm32f1xx_hal_cortex.o
                0x08001cda                HAL_NVIC_SetPriority
 .text.HAL_NVIC_EnableIRQ
                0x08001d12       0x1c ./Drivers/STM32F1xx_HAL_Driver/Src/stm32f1xx_hal_cortex.o
                0x08001d12                HAL_NVIC_EnableIRQ
 .text.HAL_SYSTICK_Config
                0x08001d2e       0x18 ./Drivers/STM32F1xx_HAL_Driver/Src/stm32f1xx_hal_cortex.o
                0x08001d2e                HAL_SYSTICK_Config
 *fill*         0x08001d46        0x2 
 .text.HAL_GPIO_Init
                0x08001d48      0x2f8 ./Drivers/STM32F1xx_HAL_Driver/Src/stm32f1xx_hal_gpio.o
                0x08001d48                HAL_GPIO_Init
 .text.HAL_GPIO_ReadPin
                0x08002040       0x2e ./Drivers/STM32F1xx_HAL_Driver/Src/stm32f1xx_hal_gpio.o
                0x08002040                HAL_GPIO_ReadPin
 .text.HAL_GPIO_WritePin
                0x0800206e       0x30 ./Drivers/STM32F1xx_HAL_Driver/Src/stm32f1xx_hal_gpio.o
                0x0800206e                HAL_GPIO_WritePin
 .text.HAL_GPIO_TogglePin
                0x0800209e       0x32 ./Drivers/STM32F1xx_HAL_Driver/Src/stm32f1xx_hal_gpio.o
                0x0800209e                HAL_GPIO_TogglePin
 .text.HAL_RCC_OscConfig
                0x080020d0      0x504 ./Drivers/STM32F1xx_HAL_Driver/Src/stm32f1xx_hal_rcc.o
                0x080020d0                HAL_RCC_OscConfig
 .text.HAL_RCC_ClockConfig
                0x080025d4      0x1d4 ./Drivers/STM32F1xx_HAL_Driver/Src/stm32f1xx_hal_rcc.o
                0x080025d4                HAL_RCC_ClockConfig
 .text.HAL_RCC_GetSysClockFreq
                0x080027a8       0xa8 ./Drivers/STM32F1xx_HAL_Driver/Src/stm32f1xx_hal_rcc.o
                0x080027a8                HAL_RCC_GetSysClockFreq
 .text.RCC_Delay
                0x08002850       0x3c ./Drivers/STM32F1xx_HAL_Driver/Src/stm32f1xx_hal_rcc.o
 .text.HAL_TIM_Base_Init
                0x0800288c       0x9e ./Drivers/STM32F1xx_HAL_Driver/Src/stm32f1xx_hal_tim.o
                0x0800288c                HAL_TIM_Base_Init
 *fill*         0x0800292a        0x2 
 .text.HAL_TIM_Base_Start_IT
                0x0800292c       0x98 ./Drivers/STM32F1xx_HAL_Driver/Src/stm32f1xx_hal_tim.o
                0x0800292c                HAL_TIM_Base_Start_IT
 .text.HAL_TIM_IRQHandler
                0x080029c4      0x1e0 ./Drivers/STM32F1xx_HAL_Driver/Src/stm32f1xx_hal_tim.o
                0x080029c4                HAL_TIM_IRQHandler
 .text.HAL_TIM_ConfigClockSource
                0x08002ba4      0x18e ./Drivers/STM32F1xx_HAL_Driver/Src/stm32f1xx_hal_tim.o
                0x08002ba4                HAL_TIM_ConfigClockSource
 .text.HAL_TIM_OC_DelayElapsedCallback
                0x08002d32       0x12 ./Drivers/STM32F1xx_HAL_Driver/Src/stm32f1xx_hal_tim.o
                0x08002d32                HAL_TIM_OC_DelayElapsedCallback
 .text.HAL_TIM_IC_CaptureCallback
                0x08002d44       0x12 ./Drivers/STM32F1xx_HAL_Driver/Src/stm32f1xx_hal_tim.o
                0x08002d44                HAL_TIM_IC_CaptureCallback
 .text.HAL_TIM_PWM_PulseFinishedCallback
                0x08002d56       0x12 ./Drivers/STM32F1xx_HAL_Driver/Src/stm32f1xx_hal_tim.o
                0x08002d56                HAL_TIM_PWM_PulseFinishedCallback
 .text.HAL_TIM_TriggerCallback
                0x08002d68       0x12 ./Drivers/STM32F1xx_HAL_Driver/Src/stm32f1xx_hal_tim.o
                0x08002d68                HAL_TIM_TriggerCallback
 *fill*         0x08002d7a        0x2 
 .text.TIM_Base_SetConfig
                0x08002d7c       0xc8 ./Drivers/STM32F1xx_HAL_Driver/Src/stm32f1xx_hal_tim.o
                0x08002d7c                TIM_Base_SetConfig
 .text.TIM_TI1_ConfigInputStage
                0x08002e44       0x5c ./Drivers/STM32F1xx_HAL_Driver/Src/stm32f1xx_hal_tim.o
 .text.TIM_TI2_ConfigInputStage
                0x08002ea0       0x5e ./Drivers/STM32F1xx_HAL_Driver/Src/stm32f1xx_hal_tim.o
 .text.TIM_ITRx_SetConfig
                0x08002efe       0x34 ./Drivers/STM32F1xx_HAL_Driver/Src/stm32f1xx_hal_tim.o
 .text.TIM_ETR_SetConfig
                0x08002f32       0x3e ./Drivers/STM32F1xx_HAL_Driver/Src/stm32f1xx_hal_tim.o
                0x08002f32                TIM_ETR_SetConfig
 .text.HAL_TIMEx_MasterConfigSynchronization
                0x08002f70       0xb0 ./Drivers/STM32F1xx_HAL_Driver/Src/stm32f1xx_hal_tim_ex.o
                0x08002f70                HAL_TIMEx_MasterConfigSynchronization
 .text.HAL_TIMEx_CommutCallback
                0x08003020       0x12 ./Drivers/STM32F1xx_HAL_Driver/Src/stm32f1xx_hal_tim_ex.o
                0x08003020                HAL_TIMEx_CommutCallback
 .text.HAL_TIMEx_BreakCallback
                0x08003032       0x12 ./Drivers/STM32F1xx_HAL_Driver/Src/stm32f1xx_hal_tim_ex.o
                0x08003032                HAL_TIMEx_BreakCallback
 .text.malloc   0x08003044       0x10 D:/tool/ST/STM32CubeIDE_1.7.0/STM32CubeIDE/plugins/com.st.stm32cube.ide.mcu.externaltools.gnu-tools-for-stm32.12.3.rel1.win32_1.0.200.202406191623/tools/bin/../lib/gcc/arm-none-eabi/12.3.1/../../../../arm-none-eabi/lib/thumb/v7-m/nofp\libc_nano.a(libc_a-malloc.o)
                0x08003044                malloc
 .text.free     0x08003054       0x10 D:/tool/ST/STM32CubeIDE_1.7.0/STM32CubeIDE/plugins/com.st.stm32cube.ide.mcu.externaltools.gnu-tools-for-stm32.12.3.rel1.win32_1.0.200.202406191623/tools/bin/../lib/gcc/arm-none-eabi/12.3.1/../../../../arm-none-eabi/lib/thumb/v7-m/nofp\libc_nano.a(libc_a-malloc.o)
                0x08003054                free
 .text.sbrk_aligned
                0x08003064       0x44 D:/tool/ST/STM32CubeIDE_1.7.0/STM32CubeIDE/plugins/com.st.stm32cube.ide.mcu.externaltools.gnu-tools-for-stm32.12.3.rel1.win32_1.0.200.202406191623/tools/bin/../lib/gcc/arm-none-eabi/12.3.1/../../../../arm-none-eabi/lib/thumb/v7-m/nofp\libc_nano.a(libc_a-mallocr.o)
 .text._malloc_r
                0x080030a8      0x100 D:/tool/ST/STM32CubeIDE_1.7.0/STM32CubeIDE/plugins/com.st.stm32cube.ide.mcu.externaltools.gnu-tools-for-stm32.12.3.rel1.win32_1.0.200.202406191623/tools/bin/../lib/gcc/arm-none-eabi/12.3.1/../../../../arm-none-eabi/lib/thumb/v7-m/nofp\libc_nano.a(libc_a-mallocr.o)
                0x080030a8                _malloc_r
 .text.__malloc_lock
                0x080031a8        0xc D:/tool/ST/STM32CubeIDE_1.7.0/STM32CubeIDE/plugins/com.st.stm32cube.ide.mcu.externaltools.gnu-tools-for-stm32.12.3.rel1.win32_1.0.200.202406191623/tools/bin/../lib/gcc/arm-none-eabi/12.3.1/../../../../arm-none-eabi/lib/thumb/v7-m/nofp\libc_nano.a(libc_a-mlock.o)
                0x080031a8                __malloc_lock
 .text.__malloc_unlock
                0x080031b4        0xc D:/tool/ST/STM32CubeIDE_1.7.0/STM32CubeIDE/plugins/com.st.stm32cube.ide.mcu.externaltools.gnu-tools-for-stm32.12.3.rel1.win32_1.0.200.202406191623/tools/bin/../lib/gcc/arm-none-eabi/12.3.1/../../../../arm-none-eabi/lib/thumb/v7-m/nofp\libc_nano.a(libc_a-mlock.o)
                0x080031b4                __malloc_unlock
 .text.memset   0x080031c0       0x10 D:/tool/ST/STM32CubeIDE_1.7.0/STM32CubeIDE/plugins/com.st.stm32cube.ide.mcu.externaltools.gnu-tools-for-stm32.12.3.rel1.win32_1.0.200.202406191623/tools/bin/../lib/gcc/arm-none-eabi/12.3.1/../../../../arm-none-eabi/lib/thumb/v7-m/nofp\libc_nano.a(libc_a-memset.o)
                0x080031c0                memset
 .text._sbrk_r  0x080031d0       0x20 D:/tool/ST/STM32CubeIDE_1.7.0/STM32CubeIDE/plugins/com.st.stm32cube.ide.mcu.externaltools.gnu-tools-for-stm32.12.3.rel1.win32_1.0.200.202406191623/tools/bin/../lib/gcc/arm-none-eabi/12.3.1/../../../../arm-none-eabi/lib/thumb/v7-m/nofp\libc_nano.a(libc_a-sbrkr.o)
                0x080031d0                _sbrk_r
 .text.__errno  0x080031f0        0xc D:/tool/ST/STM32CubeIDE_1.7.0/STM32CubeIDE/plugins/com.st.stm32cube.ide.mcu.externaltools.gnu-tools-for-stm32.12.3.rel1.win32_1.0.200.202406191623/tools/bin/../lib/gcc/arm-none-eabi/12.3.1/../../../../arm-none-eabi/lib/thumb/v7-m/nofp\libc_nano.a(libc_a-errno.o)
                0x080031f0                __errno
 .text.__libc_init_array
                0x080031fc       0x48 D:/tool/ST/STM32CubeIDE_1.7.0/STM32CubeIDE/plugins/com.st.stm32cube.ide.mcu.externaltools.gnu-tools-for-stm32.12.3.rel1.win32_1.0.200.202406191623/tools/bin/../lib/gcc/arm-none-eabi/12.3.1/../../../../arm-none-eabi/lib/thumb/v7-m/nofp\libc_nano.a(libc_a-init.o)
                0x080031fc                __libc_init_array
 .text.__retarget_lock_acquire_recursive
                0x08003244        0x2 D:/tool/ST/STM32CubeIDE_1.7.0/STM32CubeIDE/plugins/com.st.stm32cube.ide.mcu.externaltools.gnu-tools-for-stm32.12.3.rel1.win32_1.0.200.202406191623/tools/bin/../lib/gcc/arm-none-eabi/12.3.1/../../../../arm-none-eabi/lib/thumb/v7-m/nofp\libc_nano.a(libc_a-lock.o)
                0x08003244                __retarget_lock_acquire_recursive
 .text.__retarget_lock_release_recursive
                0x08003246        0x2 D:/tool/ST/STM32CubeIDE_1.7.0/STM32CubeIDE/plugins/com.st.stm32cube.ide.mcu.externaltools.gnu-tools-for-stm32.12.3.rel1.win32_1.0.200.202406191623/tools/bin/../lib/gcc/arm-none-eabi/12.3.1/../../../../arm-none-eabi/lib/thumb/v7-m/nofp\libc_nano.a(libc_a-lock.o)
                0x08003246                __retarget_lock_release_recursive
 .text._free_r  0x08003248       0x90 D:/tool/ST/STM32CubeIDE_1.7.0/STM32CubeIDE/plugins/com.st.stm32cube.ide.mcu.externaltools.gnu-tools-for-stm32.12.3.rel1.win32_1.0.200.202406191623/tools/bin/../lib/gcc/arm-none-eabi/12.3.1/../../../../arm-none-eabi/lib/thumb/v7-m/nofp\libc_nano.a(libc_a-freer.o)
                0x08003248                _free_r
 *(.glue_7)
 .glue_7        0x080032d8        0x0 linker stubs
 *(.glue_7t)
 .glue_7t       0x080032d8        0x0 linker stubs
 *(.eh_frame)
 .eh_frame      0x080032d8        0x0 D:/tool/ST/STM32CubeIDE_1.7.0/STM32CubeIDE/plugins/com.st.stm32cube.ide.mcu.externaltools.gnu-tools-for-stm32.12.3.rel1.win32_1.0.200.202406191623/tools/bin/../lib/gcc/arm-none-eabi/12.3.1/thumb/v7-m/nofp/crtbegin.o
 *(.init)
 .init          0x080032d8        0x4 D:/tool/ST/STM32CubeIDE_1.7.0/STM32CubeIDE/plugins/com.st.stm32cube.ide.mcu.externaltools.gnu-tools-for-stm32.12.3.rel1.win32_1.0.200.202406191623/tools/bin/../lib/gcc/arm-none-eabi/12.3.1/thumb/v7-m/nofp/crti.o
                0x080032d8                _init
 .init          0x080032dc        0x8 D:/tool/ST/STM32CubeIDE_1.7.0/STM32CubeIDE/plugins/com.st.stm32cube.ide.mcu.externaltools.gnu-tools-for-stm32.12.3.rel1.win32_1.0.200.202406191623/tools/bin/../lib/gcc/arm-none-eabi/12.3.1/thumb/v7-m/nofp/crtn.o
 *(.fini)
 .fini          0x080032e4        0x4 D:/tool/ST/STM32CubeIDE_1.7.0/STM32CubeIDE/plugins/com.st.stm32cube.ide.mcu.externaltools.gnu-tools-for-stm32.12.3.rel1.win32_1.0.200.202406191623/tools/bin/../lib/gcc/arm-none-eabi/12.3.1/thumb/v7-m/nofp/crti.o
                0x080032e4                _fini
 .fini          0x080032e8        0x8 D:/tool/ST/STM32CubeIDE_1.7.0/STM32CubeIDE/plugins/com.st.stm32cube.ide.mcu.externaltools.gnu-tools-for-stm32.12.3.rel1.win32_1.0.200.202406191623/tools/bin/../lib/gcc/arm-none-eabi/12.3.1/thumb/v7-m/nofp/crtn.o
                0x080032f0                        . = ALIGN (0x4)
                0x080032f0                        _etext = .

.vfp11_veneer   0x080032f0        0x0
 .vfp11_veneer  0x080032f0        0x0 linker stubs

.v4_bx          0x080032f0        0x0
 .v4_bx         0x080032f0        0x0 linker stubs

.iplt           0x080032f0        0x0
 .iplt          0x080032f0        0x0 D:/tool/ST/STM32CubeIDE_1.7.0/STM32CubeIDE/plugins/com.st.stm32cube.ide.mcu.externaltools.gnu-tools-for-stm32.12.3.rel1.win32_1.0.200.202406191623/tools/bin/../lib/gcc/arm-none-eabi/12.3.1/thumb/v7-m/nofp/crtbegin.o

.rodata         0x080032f0       0x24
                0x080032f0                        . = ALIGN (0x4)
 *(.rodata)
 *(.rodata*)
 .rodata.AHBPrescTable
                0x080032f0       0x10 ./Core/Src/system_stm32f1xx.o
                0x080032f0                AHBPrescTable
 .rodata.aPLLMULFactorTable.1
                0x08003300       0x10 ./Drivers/STM32F1xx_HAL_Driver/Src/stm32f1xx_hal_rcc.o
 .rodata.aPredivFactorTable.0
                0x08003310        0x2 ./Drivers/STM32F1xx_HAL_Driver/Src/stm32f1xx_hal_rcc.o
                0x08003314                        . = ALIGN (0x4)
 *fill*         0x08003312        0x2 

.rel.dyn        0x08003314        0x0
 .rel.iplt      0x08003314        0x0 D:/tool/ST/STM32CubeIDE_1.7.0/STM32CubeIDE/plugins/com.st.stm32cube.ide.mcu.externaltools.gnu-tools-for-stm32.12.3.rel1.win32_1.0.200.202406191623/tools/bin/../lib/gcc/arm-none-eabi/12.3.1/thumb/v7-m/nofp/crtbegin.o

.ARM.extab      0x08003314        0x0
                0x08003314                        . = ALIGN (0x4)
 *(.ARM.extab* .gnu.linkonce.armextab.*)
                0x08003314                        . = ALIGN (0x4)

.ARM            0x08003314        0x0
                0x08003314                        . = ALIGN (0x4)
                0x08003314                        __exidx_start = .
 *(.ARM.exidx*)
                0x08003314                        __exidx_end = .
                0x08003314                        . = ALIGN (0x4)

.preinit_array  0x08003314        0x0
                0x08003314                        . = ALIGN (0x4)
                0x08003314                        PROVIDE (__preinit_array_start = .)
 *(.preinit_array*)
                0x08003314                        PROVIDE (__preinit_array_end = .)
                0x08003314                        . = ALIGN (0x4)

.init_array     0x08003314        0x4
                0x08003314                        . = ALIGN (0x4)
                0x08003314                        PROVIDE (__init_array_start = .)
 *(SORT_BY_NAME(.init_array.*))
 *(.init_array*)
 .init_array    0x08003314        0x4 D:/tool/ST/STM32CubeIDE_1.7.0/STM32CubeIDE/plugins/com.st.stm32cube.ide.mcu.externaltools.gnu-tools-for-stm32.12.3.rel1.win32_1.0.200.202406191623/tools/bin/../lib/gcc/arm-none-eabi/12.3.1/thumb/v7-m/nofp/crtbegin.o
                0x08003318                        PROVIDE (__init_array_end = .)
                0x08003318                        . = ALIGN (0x4)

.fini_array     0x08003318        0x4
                0x08003318                        . = ALIGN (0x4)
                [!provide]                        PROVIDE (__fini_array_start = .)
 *(SORT_BY_NAME(.fini_array.*))
 *(.fini_array*)
 .fini_array    0x08003318        0x4 D:/tool/ST/STM32CubeIDE_1.7.0/STM32CubeIDE/plugins/com.st.stm32cube.ide.mcu.externaltools.gnu-tools-for-stm32.12.3.rel1.win32_1.0.200.202406191623/tools/bin/../lib/gcc/arm-none-eabi/12.3.1/thumb/v7-m/nofp/crtbegin.o
                [!provide]                        PROVIDE (__fini_array_end = .)
                0x0800331c                        . = ALIGN (0x4)
                0x0800331c                        _sidata = LOADADDR (.data)

.data           0x20000000       0xb8 load address 0x0800331c
                0x20000000                        . = ALIGN (0x4)
                0x20000000                        _sdata = .
 *(.data)
 *(.data*)
 .data.lightStateVertical
                0x20000000        0x1 ./Core/Src/fsm_automatic.o
                0x20000000                lightStateVertical
 *fill*         0x20000001        0x3 
 .data.light_period_modify_buffer
                0x20000004        0xc ./Core/Src/global.o
                0x20000004                light_period_modify_buffer
 .data.lightPeriod
                0x20000010        0xc ./Core/Src/global.o
                0x20000010                lightPeriod
 .data.Red_counter_horizontal
                0x2000001c        0x4 ./Core/Src/global.o
                0x2000001c                Red_counter_horizontal
 .data.Yellow_counter_horizontal
                0x20000020        0x4 ./Core/Src/global.o
                0x20000020                Yellow_counter_horizontal
 .data.Green_counter_horizontal
                0x20000024        0x4 ./Core/Src/global.o
                0x20000024                Green_counter_horizontal
 .data.Red_counter_vertical
                0x20000028        0x4 ./Core/Src/global.o
                0x20000028                Red_counter_vertical
 .data.Yellow_counter_vertical
                0x2000002c        0x4 ./Core/Src/global.o
                0x2000002c                Yellow_counter_vertical
 .data.Green_counter_vertical
                0x20000030        0x4 ./Core/Src/global.o
                0x20000030                Green_counter_vertical
 .data.buttonState
                0x20000034        0x3 ./Core/Src/input_processing.o
                0x20000034                buttonState
 *fill*         0x20000037        0x1 
 .data.buttonBuffer
                0x20000038        0x3 ./Core/Src/input_reading.o
 *fill*         0x2000003b        0x1 
 .data.debounceButtonBuffer1
                0x2000003c        0x3 ./Core/Src/input_reading.o
 *fill*         0x2000003f        0x1 
 .data.debounceButtonBuffer2
                0x20000040        0x3 ./Core/Src/input_reading.o
 *fill*         0x20000043        0x1 
 .data.SystemCoreClock
                0x20000044        0x4 ./Core/Src/system_stm32f1xx.o
                0x20000044                SystemCoreClock
 .data.Tick     0x20000048        0x4 ./Core/Src/timer.o
                0x20000048                Tick
 .data.timer_pure_flag
                0x2000004c        0x4 ./Core/Src/timer.o
                0x2000004c                timer_pure_flag
 .data.timerTrafficHorizontal_flag
                0x20000050        0x4 ./Core/Src/timer.o
                0x20000050                timerTrafficHorizontal_flag
 .data.timerTrafficVertical_flag
                0x20000054        0x4 ./Core/Src/timer.o
                0x20000054                timerTrafficVertical_flag
 .data.timerBlink_flag
                0x20000058        0x4 ./Core/Src/timer.o
                0x20000058                timerBlink_flag
 .data.timerLED7_flag
                0x2000005c        0x4 ./Core/Src/timer.o
                0x2000005c                timerLED7_flag
 .data.uwTickPrio
                0x20000060        0x4 ./Drivers/STM32F1xx_HAL_Driver/Src/stm32f1xx_hal.o
                0x20000060                uwTickPrio
 .data.uwTickFreq
                0x20000064        0x1 ./Drivers/STM32F1xx_HAL_Driver/Src/stm32f1xx_hal.o
                0x20000064                uwTickFreq
 *fill*         0x20000065        0x3 
 .data._impure_ptr
                0x20000068        0x4 D:/tool/ST/STM32CubeIDE_1.7.0/STM32CubeIDE/plugins/com.st.stm32cube.ide.mcu.externaltools.gnu-tools-for-stm32.12.3.rel1.win32_1.0.200.202406191623/tools/bin/../lib/gcc/arm-none-eabi/12.3.1/../../../../arm-none-eabi/lib/thumb/v7-m/nofp\libc_nano.a(libc_a-impure.o)
                0x20000068                _impure_ptr
 .data._impure_data
                0x2000006c       0x4c D:/tool/ST/STM32CubeIDE_1.7.0/STM32CubeIDE/plugins/com.st.stm32cube.ide.mcu.externaltools.gnu-tools-for-stm32.12.3.rel1.win32_1.0.200.202406191623/tools/bin/../lib/gcc/arm-none-eabi/12.3.1/../../../../arm-none-eabi/lib/thumb/v7-m/nofp\libc_nano.a(libc_a-impure.o)
                0x2000006c                _impure_data
 *(.RamFunc)
 *(.RamFunc*)
                0x200000b8                        . = ALIGN (0x4)
                0x200000b8                        _edata = .

.igot.plt       0x200000b8        0x0 load address 0x080033d4
 .igot.plt      0x200000b8        0x0 D:/tool/ST/STM32CubeIDE_1.7.0/STM32CubeIDE/plugins/com.st.stm32cube.ide.mcu.externaltools.gnu-tools-for-stm32.12.3.rel1.win32_1.0.200.202406191623/tools/bin/../lib/gcc/arm-none-eabi/12.3.1/thumb/v7-m/nofp/crtbegin.o
                0x200000b8                        . = ALIGN (0x4)

.bss            0x200000b8      0x1f4 load address 0x080033d4
                0x200000b8                        _sbss = .
                0x200000b8                        __bss_start__ = _sbss
 *(.bss)
 .bss           0x200000b8       0x1c D:/tool/ST/STM32CubeIDE_1.7.0/STM32CubeIDE/plugins/com.st.stm32cube.ide.mcu.externaltools.gnu-tools-for-stm32.12.3.rel1.win32_1.0.200.202406191623/tools/bin/../lib/gcc/arm-none-eabi/12.3.1/thumb/v7-m/nofp/crtbegin.o
 *(.bss*)
 .bss.led_buffer
                0x200000d4       0x10 ./Core/Src/Led7Segment.o
                0x200000d4                led_buffer
 .bss.index_led
                0x200000e4        0x4 ./Core/Src/Led7Segment.o
                0x200000e4                index_led
 .bss.lightStateHorizontal
                0x200000e8        0x1 ./Core/Src/fsm_automatic.o
                0x200000e8                lightStateHorizontal
 .bss.mode      0x200000e9        0x1 ./Core/Src/fsm_manual.o
                0x200000e9                mode
 *fill*         0x200000ea        0x2 
 .bss.buttonIsPressedAndReleased
                0x200000ec        0xc ./Core/Src/global.o
                0x200000ec                buttonIsPressedAndReleased
 .bss.htim2     0x200000f8       0x48 ./Core/Src/main.o
                0x200000f8                htim2
 .bss.head      0x20000140        0x4 ./Core/Src/scheduler.o
                0x20000140                head
 .bss.globalTick
                0x20000144        0x4 ./Core/Src/scheduler.o
                0x20000144                globalTick
 .bss.__sbrk_heap_end
                0x20000148        0x4 ./Core/Src/sysmem.o
 .bss.timer_pure_counter
                0x2000014c        0x4 ./Core/Src/timer.o
                0x2000014c                timer_pure_counter
 .bss.timerTrafficHorizontal_counter
                0x20000150        0x4 ./Core/Src/timer.o
                0x20000150                timerTrafficHorizontal_counter
 .bss.timerTrafficVertical_counter
                0x20000154        0x4 ./Core/Src/timer.o
                0x20000154                timerTrafficVertical_counter
 .bss.timerBlink_counter
                0x20000158        0x4 ./Core/Src/timer.o
                0x20000158                timerBlink_counter
 .bss.timerLED7_counter
                0x2000015c        0x4 ./Core/Src/timer.o
                0x2000015c                timerLED7_counter
 .bss.uwTick    0x20000160        0x4 ./Drivers/STM32F1xx_HAL_Driver/Src/stm32f1xx_hal.o
                0x20000160                uwTick
 .bss.__malloc_sbrk_start
                0x20000164        0x4 D:/tool/ST/STM32CubeIDE_1.7.0/STM32CubeIDE/plugins/com.st.stm32cube.ide.mcu.externaltools.gnu-tools-for-stm32.12.3.rel1.win32_1.0.200.202406191623/tools/bin/../lib/gcc/arm-none-eabi/12.3.1/../../../../arm-none-eabi/lib/thumb/v7-m/nofp\libc_nano.a(libc_a-mallocr.o)
                0x20000164                __malloc_sbrk_start
 .bss.__malloc_free_list
                0x20000168        0x4 D:/tool/ST/STM32CubeIDE_1.7.0/STM32CubeIDE/plugins/com.st.stm32cube.ide.mcu.externaltools.gnu-tools-for-stm32.12.3.rel1.win32_1.0.200.202406191623/tools/bin/../lib/gcc/arm-none-eabi/12.3.1/../../../../arm-none-eabi/lib/thumb/v7-m/nofp\libc_nano.a(libc_a-mallocr.o)
                0x20000168                __malloc_free_list
 .bss.__sf      0x2000016c      0x138 D:/tool/ST/STM32CubeIDE_1.7.0/STM32CubeIDE/plugins/com.st.stm32cube.ide.mcu.externaltools.gnu-tools-for-stm32.12.3.rel1.win32_1.0.200.202406191623/tools/bin/../lib/gcc/arm-none-eabi/12.3.1/../../../../arm-none-eabi/lib/thumb/v7-m/nofp\libc_nano.a(libc_a-findfp.o)
                0x2000016c                __sf
 .bss.errno     0x200002a4        0x4 D:/tool/ST/STM32CubeIDE_1.7.0/STM32CubeIDE/plugins/com.st.stm32cube.ide.mcu.externaltools.gnu-tools-for-stm32.12.3.rel1.win32_1.0.200.202406191623/tools/bin/../lib/gcc/arm-none-eabi/12.3.1/../../../../arm-none-eabi/lib/thumb/v7-m/nofp\libc_nano.a(libc_a-reent.o)
                0x200002a4                errno
 .bss.__lock___malloc_recursive_mutex
                0x200002a8        0x1 D:/tool/ST/STM32CubeIDE_1.7.0/STM32CubeIDE/plugins/com.st.stm32cube.ide.mcu.externaltools.gnu-tools-for-stm32.12.3.rel1.win32_1.0.200.202406191623/tools/bin/../lib/gcc/arm-none-eabi/12.3.1/../../../../arm-none-eabi/lib/thumb/v7-m/nofp\libc_nano.a(libc_a-lock.o)
                0x200002a8                __lock___malloc_recursive_mutex
 *(COMMON)
                0x200002ac                        . = ALIGN (0x4)
 *fill*         0x200002a9        0x3 
                0x200002ac                        _ebss = .
                0x200002ac                        __bss_end__ = _ebss

._user_heap_stack
                0x200002ac      0x604 load address 0x080033d4
                0x200002b0                        . = ALIGN (0x8)
 *fill*         0x200002ac        0x4 
                [!provide]                        PROVIDE (end = .)
                0x200002b0                        PROVIDE (_end = .)
                0x200004b0                        . = (. + _Min_Heap_Size)
 *fill*         0x200002b0      0x200 
                0x200008b0                        . = (. + _Min_Stack_Size)
 *fill*         0x200004b0      0x400 
                0x200008b0                        . = ALIGN (0x8)

/DISCARD/
 libc.a(*)
 libm.a(*)
 libgcc.a(*)

.ARM.attributes
                0x00000000       0x29
 *(.ARM.attributes)
 .ARM.attributes
                0x00000000       0x1d D:/tool/ST/STM32CubeIDE_1.7.0/STM32CubeIDE/plugins/com.st.stm32cube.ide.mcu.externaltools.gnu-tools-for-stm32.12.3.rel1.win32_1.0.200.202406191623/tools/bin/../lib/gcc/arm-none-eabi/12.3.1/thumb/v7-m/nofp/crti.o
 .ARM.attributes
                0x0000001d       0x2d D:/tool/ST/STM32CubeIDE_1.7.0/STM32CubeIDE/plugins/com.st.stm32cube.ide.mcu.externaltools.gnu-tools-for-stm32.12.3.rel1.win32_1.0.200.202406191623/tools/bin/../lib/gcc/arm-none-eabi/12.3.1/thumb/v7-m/nofp/crtbegin.o
 .ARM.attributes
                0x0000004a       0x2d ./Core/Src/Led7Segment.o
 .ARM.attributes
                0x00000077       0x2d ./Core/Src/blink.o
 .ARM.attributes
                0x000000a4       0x2d ./Core/Src/fsm_automatic.o
 .ARM.attributes
                0x000000d1       0x2d ./Core/Src/fsm_manual.o
 .ARM.attributes
                0x000000fe       0x2d ./Core/Src/fsm_setting.o
 .ARM.attributes
                0x0000012b       0x2d ./Core/Src/global.o
 .ARM.attributes
                0x00000158       0x2d ./Core/Src/input_processing.o
 .ARM.attributes
                0x00000185       0x2d ./Core/Src/input_reading.o
 .ARM.attributes
                0x000001b2       0x2d ./Core/Src/main.o
 .ARM.attributes
                0x000001df       0x2d ./Core/Src/scheduler.o
 .ARM.attributes
                0x0000020c       0x2d ./Core/Src/setTrafficLight.o
 .ARM.attributes
                0x00000239       0x2d ./Core/Src/stm32f1xx_hal_msp.o
 .ARM.attributes
                0x00000266       0x2d ./Core/Src/stm32f1xx_it.o
 .ARM.attributes
                0x00000293       0x2d ./Core/Src/sysmem.o
 .ARM.attributes
                0x000002c0       0x2d ./Core/Src/system_stm32f1xx.o
 .ARM.attributes
                0x000002ed       0x2d ./Core/Src/timer.o
 .ARM.attributes
                0x0000031a       0x21 ./Core/Startup/startup_stm32f103c6tx.o
 .ARM.attributes
                0x0000033b       0x2d ./Drivers/STM32F1xx_HAL_Driver/Src/stm32f1xx_hal.o
 .ARM.attributes
                0x00000368       0x2d ./Drivers/STM32F1xx_HAL_Driver/Src/stm32f1xx_hal_cortex.o
 .ARM.attributes
                0x00000395       0x2d ./Drivers/STM32F1xx_HAL_Driver/Src/stm32f1xx_hal_gpio.o
 .ARM.attributes
                0x000003c2       0x2d ./Drivers/STM32F1xx_HAL_Driver/Src/stm32f1xx_hal_rcc.o
 .ARM.attributes
                0x000003ef       0x2d ./Drivers/STM32F1xx_HAL_Driver/Src/stm32f1xx_hal_tim.o
 .ARM.attributes
                0x0000041c       0x2d ./Drivers/STM32F1xx_HAL_Driver/Src/stm32f1xx_hal_tim_ex.o
 .ARM.attributes
                0x00000449       0x2d D:/tool/ST/STM32CubeIDE_1.7.0/STM32CubeIDE/plugins/com.st.stm32cube.ide.mcu.externaltools.gnu-tools-for-stm32.12.3.rel1.win32_1.0.200.202406191623/tools/bin/../lib/gcc/arm-none-eabi/12.3.1/../../../../arm-none-eabi/lib/thumb/v7-m/nofp\libc_nano.a(libc_a-malloc.o)
 .ARM.attributes
                0x00000476       0x2d D:/tool/ST/STM32CubeIDE_1.7.0/STM32CubeIDE/plugins/com.st.stm32cube.ide.mcu.externaltools.gnu-tools-for-stm32.12.3.rel1.win32_1.0.200.202406191623/tools/bin/../lib/gcc/arm-none-eabi/12.3.1/../../../../arm-none-eabi/lib/thumb/v7-m/nofp\libc_nano.a(libc_a-mallocr.o)
 .ARM.attributes
                0x000004a3       0x2d D:/tool/ST/STM32CubeIDE_1.7.0/STM32CubeIDE/plugins/com.st.stm32cube.ide.mcu.externaltools.gnu-tools-for-stm32.12.3.rel1.win32_1.0.200.202406191623/tools/bin/../lib/gcc/arm-none-eabi/12.3.1/../../../../arm-none-eabi/lib/thumb/v7-m/nofp\libc_nano.a(libc_a-mlock.o)
 .ARM.attributes
                0x000004d0       0x2d D:/tool/ST/STM32CubeIDE_1.7.0/STM32CubeIDE/plugins/com.st.stm32cube.ide.mcu.externaltools.gnu-tools-for-stm32.12.3.rel1.win32_1.0.200.202406191623/tools/bin/../lib/gcc/arm-none-eabi/12.3.1/../../../../arm-none-eabi/lib/thumb/v7-m/nofp\libc_nano.a(libc_a-findfp.o)
 .ARM.attributes
                0x000004fd       0x2d D:/tool/ST/STM32CubeIDE_1.7.0/STM32CubeIDE/plugins/com.st.stm32cube.ide.mcu.externaltools.gnu-tools-for-stm32.12.3.rel1.win32_1.0.200.202406191623/tools/bin/../lib/gcc/arm-none-eabi/12.3.1/../../../../arm-none-eabi/lib/thumb/v7-m/nofp\libc_nano.a(libc_a-memset.o)
 .ARM.attributes
                0x0000052a       0x2d D:/tool/ST/STM32CubeIDE_1.7.0/STM32CubeIDE/plugins/com.st.stm32cube.ide.mcu.externaltools.gnu-tools-for-stm32.12.3.rel1.win32_1.0.200.202406191623/tools/bin/../lib/gcc/arm-none-eabi/12.3.1/../../../../arm-none-eabi/lib/thumb/v7-m/nofp\libc_nano.a(libc_a-reent.o)
 .ARM.attributes
                0x00000557       0x2d D:/tool/ST/STM32CubeIDE_1.7.0/STM32CubeIDE/plugins/com.st.stm32cube.ide.mcu.externaltools.gnu-tools-for-stm32.12.3.rel1.win32_1.0.200.202406191623/tools/bin/../lib/gcc/arm-none-eabi/12.3.1/../../../../arm-none-eabi/lib/thumb/v7-m/nofp\libc_nano.a(libc_a-impure.o)
 .ARM.attributes
                0x00000584       0x2d D:/tool/ST/STM32CubeIDE_1.7.0/STM32CubeIDE/plugins/com.st.stm32cube.ide.mcu.externaltools.gnu-tools-for-stm32.12.3.rel1.win32_1.0.200.202406191623/tools/bin/../lib/gcc/arm-none-eabi/12.3.1/../../../../arm-none-eabi/lib/thumb/v7-m/nofp\libc_nano.a(libc_a-sbrkr.o)
 .ARM.attributes
                0x000005b1       0x2d D:/tool/ST/STM32CubeIDE_1.7.0/STM32CubeIDE/plugins/com.st.stm32cube.ide.mcu.externaltools.gnu-tools-for-stm32.12.3.rel1.win32_1.0.200.202406191623/tools/bin/../lib/gcc/arm-none-eabi/12.3.1/../../../../arm-none-eabi/lib/thumb/v7-m/nofp\libc_nano.a(libc_a-errno.o)
 .ARM.attributes
                0x000005de       0x2d D:/tool/ST/STM32CubeIDE_1.7.0/STM32CubeIDE/plugins/com.st.stm32cube.ide.mcu.externaltools.gnu-tools-for-stm32.12.3.rel1.win32_1.0.200.202406191623/tools/bin/../lib/gcc/arm-none-eabi/12.3.1/../../../../arm-none-eabi/lib/thumb/v7-m/nofp\libc_nano.a(libc_a-init.o)
 .ARM.attributes
                0x0000060b       0x2d D:/tool/ST/STM32CubeIDE_1.7.0/STM32CubeIDE/plugins/com.st.stm32cube.ide.mcu.externaltools.gnu-tools-for-stm32.12.3.rel1.win32_1.0.200.202406191623/tools/bin/../lib/gcc/arm-none-eabi/12.3.1/../../../../arm-none-eabi/lib/thumb/v7-m/nofp\libc_nano.a(libc_a-lock.o)
 .ARM.attributes
                0x00000638       0x2d D:/tool/ST/STM32CubeIDE_1.7.0/STM32CubeIDE/plugins/com.st.stm32cube.ide.mcu.externaltools.gnu-tools-for-stm32.12.3.rel1.win32_1.0.200.202406191623/tools/bin/../lib/gcc/arm-none-eabi/12.3.1/../../../../arm-none-eabi/lib/thumb/v7-m/nofp\libc_nano.a(libc_a-freer.o)
 .ARM.attributes
                0x00000665       0x1d D:/tool/ST/STM32CubeIDE_1.7.0/STM32CubeIDE/plugins/com.st.stm32cube.ide.mcu.externaltools.gnu-tools-for-stm32.12.3.rel1.win32_1.0.200.202406191623/tools/bin/../lib/gcc/arm-none-eabi/12.3.1/thumb/v7-m/nofp/crtn.o
OUTPUT(Lab_4-3.elf elf32-littlearm)
LOAD linker stubs
LOAD D:/tool/ST/STM32CubeIDE_1.7.0/STM32CubeIDE/plugins/com.st.stm32cube.ide.mcu.externaltools.gnu-tools-for-stm32.12.3.rel1.win32_1.0.200.202406191623/tools/bin/../lib/gcc/arm-none-eabi/12.3.1/../../../../arm-none-eabi/lib/thumb/v7-m/nofp\libc.a
LOAD D:/tool/ST/STM32CubeIDE_1.7.0/STM32CubeIDE/plugins/com.st.stm32cube.ide.mcu.externaltools.gnu-tools-for-stm32.12.3.rel1.win32_1.0.200.202406191623/tools/bin/../lib/gcc/arm-none-eabi/12.3.1/../../../../arm-none-eabi/lib/thumb/v7-m/nofp\libm.a
LOAD D:/tool/ST/STM32CubeIDE_1.7.0/STM32CubeIDE/plugins/com.st.stm32cube.ide.mcu.externaltools.gnu-tools-for-stm32.12.3.rel1.win32_1.0.200.202406191623/tools/bin/../lib/gcc/arm-none-eabi/12.3.1/thumb/v7-m/nofp\libgcc.a

.debug_info     0x00000000     0x920b
 .debug_info    0x00000000      0x242 ./Core/Src/Led7Segment.o
 .debug_info    0x00000242      0x164 ./Core/Src/blink.o
 .debug_info    0x000003a6      0x201 ./Core/Src/fsm_automatic.o
 .debug_info    0x000005a7      0x396 ./Core/Src/fsm_manual.o
 .debug_info    0x0000093d       0xfe ./Core/Src/fsm_setting.o
 .debug_info    0x00000a3b      0x146 ./Core/Src/global.o
 .debug_info    0x00000b81      0x23e ./Core/Src/input_processing.o
 .debug_info    0x00000dbf      0x20d ./Core/Src/input_reading.o
 .debug_info    0x00000fcc      0xbcb ./Core/Src/main.o
 .debug_info    0x00001b97      0x260 ./Core/Src/scheduler.o
 .debug_info    0x00001df7      0x1d7 ./Core/Src/setTrafficLight.o
 .debug_info    0x00001fce      0x91a ./Core/Src/stm32f1xx_hal_msp.o
 .debug_info    0x000028e8      0x6a1 ./Core/Src/stm32f1xx_it.o
 .debug_info    0x00002f89      0x168 ./Core/Src/sysmem.o
 .debug_info    0x000030f1      0x222 ./Core/Src/system_stm32f1xx.o
 .debug_info    0x00003313      0x205 ./Core/Src/timer.o
 .debug_info    0x00003518       0x30 ./Core/Startup/startup_stm32f103c6tx.o
 .debug_info    0x00003548      0x6e6 ./Drivers/STM32F1xx_HAL_Driver/Src/stm32f1xx_hal.o
 .debug_info    0x00003c2e      0xa69 ./Drivers/STM32F1xx_HAL_Driver/Src/stm32f1xx_hal_cortex.o
 .debug_info    0x00004697      0x5ab ./Drivers/STM32F1xx_HAL_Driver/Src/stm32f1xx_hal_gpio.o
 .debug_info    0x00004c42      0x7d5 ./Drivers/STM32F1xx_HAL_Driver/Src/stm32f1xx_hal_rcc.o
 .debug_info    0x00005417     0x2959 ./Drivers/STM32F1xx_HAL_Driver/Src/stm32f1xx_hal_tim.o
 .debug_info    0x00007d70     0x149b ./Drivers/STM32F1xx_HAL_Driver/Src/stm32f1xx_hal_tim_ex.o

.debug_abbrev   0x00000000     0x22d0
 .debug_abbrev  0x00000000      0x17e ./Core/Src/Led7Segment.o
 .debug_abbrev  0x0000017e       0xd6 ./Core/Src/blink.o
 .debug_abbrev  0x00000254      0x11b ./Core/Src/fsm_automatic.o
 .debug_abbrev  0x0000036f      0x1ee ./Core/Src/fsm_manual.o
 .debug_abbrev  0x0000055d       0xbf ./Core/Src/fsm_setting.o
 .debug_abbrev  0x0000061c       0x60 ./Core/Src/global.o
 .debug_abbrev  0x0000067c      0x199 ./Core/Src/input_processing.o
 .debug_abbrev  0x00000815      0x14f ./Core/Src/input_reading.o
 .debug_abbrev  0x00000964      0x2c0 ./Core/Src/main.o
 .debug_abbrev  0x00000c24      0x12e ./Core/Src/scheduler.o
 .debug_abbrev  0x00000d52       0xec ./Core/Src/setTrafficLight.o
 .debug_abbrev  0x00000e3e      0x1ad ./Core/Src/stm32f1xx_hal_msp.o
 .debug_abbrev  0x00000feb      0x191 ./Core/Src/stm32f1xx_it.o
 .debug_abbrev  0x0000117c       0xbc ./Core/Src/sysmem.o
 .debug_abbrev  0x00001238      0x13f ./Core/Src/system_stm32f1xx.o
 .debug_abbrev  0x00001377       0xc6 ./Core/Src/timer.o
 .debug_abbrev  0x0000143d       0x24 ./Core/Startup/startup_stm32f103c6tx.o
 .debug_abbrev  0x00001461      0x201 ./Drivers/STM32F1xx_HAL_Driver/Src/stm32f1xx_hal.o
 .debug_abbrev  0x00001662      0x2f8 ./Drivers/STM32F1xx_HAL_Driver/Src/stm32f1xx_hal_cortex.o
 .debug_abbrev  0x0000195a      0x1ca ./Drivers/STM32F1xx_HAL_Driver/Src/stm32f1xx_hal_gpio.o
 .debug_abbrev  0x00001b24      0x2b3 ./Drivers/STM32F1xx_HAL_Driver/Src/stm32f1xx_hal_rcc.o
 .debug_abbrev  0x00001dd7      0x277 ./Drivers/STM32F1xx_HAL_Driver/Src/stm32f1xx_hal_tim.o
 .debug_abbrev  0x0000204e      0x282 ./Drivers/STM32F1xx_HAL_Driver/Src/stm32f1xx_hal_tim_ex.o

.debug_aranges  0x00000000      0xb60
 .debug_aranges
                0x00000000       0x38 ./Core/Src/Led7Segment.o
 .debug_aranges
                0x00000038       0x20 ./Core/Src/blink.o
 .debug_aranges
                0x00000058       0x28 ./Core/Src/fsm_automatic.o
 .debug_aranges
                0x00000080       0x38 ./Core/Src/fsm_manual.o
 .debug_aranges
                0x000000b8       0x20 ./Core/Src/fsm_setting.o
 .debug_aranges
                0x000000d8       0x18 ./Core/Src/global.o
 .debug_aranges
                0x000000f0       0x28 ./Core/Src/input_processing.o
 .debug_aranges
                0x00000118       0x28 ./Core/Src/input_reading.o
 .debug_aranges
                0x00000140       0x48 ./Core/Src/main.o
 .debug_aranges
                0x00000188       0x40 ./Core/Src/scheduler.o
 .debug_aranges
                0x000001c8       0x48 ./Core/Src/setTrafficLight.o
 .debug_aranges
                0x00000210       0x30 ./Core/Src/stm32f1xx_hal_msp.o
 .debug_aranges
                0x00000240       0x68 ./Core/Src/stm32f1xx_it.o
 .debug_aranges
                0x000002a8       0x20 ./Core/Src/sysmem.o
 .debug_aranges
                0x000002c8       0x28 ./Core/Src/system_stm32f1xx.o
 .debug_aranges
                0x000002f0       0x48 ./Core/Src/timer.o
 .debug_aranges
                0x00000338       0x28 ./Core/Startup/startup_stm32f103c6tx.o
 .debug_aranges
                0x00000360       0xe0 ./Drivers/STM32F1xx_HAL_Driver/Src/stm32f1xx_hal.o
 .debug_aranges
                0x00000440      0x100 ./Drivers/STM32F1xx_HAL_Driver/Src/stm32f1xx_hal_cortex.o
 .debug_aranges
                0x00000540       0x58 ./Drivers/STM32F1xx_HAL_Driver/Src/stm32f1xx_hal_gpio.o
 .debug_aranges
                0x00000598       0x90 ./Drivers/STM32F1xx_HAL_Driver/Src/stm32f1xx_hal_rcc.o
 .debug_aranges
                0x00000628      0x3d0 ./Drivers/STM32F1xx_HAL_Driver/Src/stm32f1xx_hal_tim.o
 .debug_aranges
                0x000009f8      0x168 ./Drivers/STM32F1xx_HAL_Driver/Src/stm32f1xx_hal_tim_ex.o

.debug_rnglists
                0x00000000      0x87a
 .debug_rnglists
                0x00000000       0x26 ./Core/Src/Led7Segment.o
 .debug_rnglists
                0x00000026       0x13 ./Core/Src/blink.o
 .debug_rnglists
                0x00000039       0x1b ./Core/Src/fsm_automatic.o
 .debug_rnglists
                0x00000054       0x27 ./Core/Src/fsm_manual.o
 .debug_rnglists
                0x0000007b       0x13 ./Core/Src/fsm_setting.o
 .debug_rnglists
                0x0000008e       0x1a ./Core/Src/input_processing.o
 .debug_rnglists
                0x000000a8       0x1a ./Core/Src/input_reading.o
 .debug_rnglists
                0x000000c2       0x33 ./Core/Src/main.o
 .debug_rnglists
                0x000000f5       0x2c ./Core/Src/scheduler.o
 .debug_rnglists
                0x00000121       0x31 ./Core/Src/setTrafficLight.o
 .debug_rnglists
                0x00000152       0x1f ./Core/Src/stm32f1xx_hal_msp.o
 .debug_rnglists
                0x00000171       0x49 ./Core/Src/stm32f1xx_it.o
 .debug_rnglists
                0x000001ba       0x13 ./Core/Src/sysmem.o
 .debug_rnglists
                0x000001cd       0x1a ./Core/Src/system_stm32f1xx.o
 .debug_rnglists
                0x000001e7       0x32 ./Core/Src/timer.o
 .debug_rnglists
                0x00000219       0x19 ./Core/Startup/startup_stm32f103c6tx.o
 .debug_rnglists
                0x00000232       0xa3 ./Drivers/STM32F1xx_HAL_Driver/Src/stm32f1xx_hal.o
 .debug_rnglists
                0x000002d5       0xbb ./Drivers/STM32F1xx_HAL_Driver/Src/stm32f1xx_hal_cortex.o
 .debug_rnglists
                0x00000390       0x3f ./Drivers/STM32F1xx_HAL_Driver/Src/stm32f1xx_hal_gpio.o
 .debug_rnglists
                0x000003cf       0x6c ./Drivers/STM32F1xx_HAL_Driver/Src/stm32f1xx_hal_rcc.o
 .debug_rnglists
                0x0000043b      0x31a ./Drivers/STM32F1xx_HAL_Driver/Src/stm32f1xx_hal_tim.o
 .debug_rnglists
                0x00000755      0x125 ./Drivers/STM32F1xx_HAL_Driver/Src/stm32f1xx_hal_tim_ex.o

.debug_macro    0x00000000    0x1865b
 .debug_macro   0x00000000      0x227 ./Core/Src/Led7Segment.o
 .debug_macro   0x00000227      0xaa8 ./Core/Src/Led7Segment.o
 .debug_macro   0x00000ccf      0x215 ./Core/Src/Led7Segment.o
 .debug_macro   0x00000ee4       0x2e ./Core/Src/Led7Segment.o
 .debug_macro   0x00000f12       0x22 ./Core/Src/Led7Segment.o
 .debug_macro   0x00000f34       0x22 ./Core/Src/Led7Segment.o
 .debug_macro   0x00000f56       0x8e ./Core/Src/Led7Segment.o
 .debug_macro   0x00000fe4       0x51 ./Core/Src/Led7Segment.o
 .debug_macro   0x00001035      0x103 ./Core/Src/Led7Segment.o
 .debug_macro   0x00001138       0x6a ./Core/Src/Led7Segment.o
 .debug_macro   0x000011a2      0x1df ./Core/Src/Led7Segment.o
 .debug_macro   0x00001381       0x1c ./Core/Src/Led7Segment.o
 .debug_macro   0x0000139d       0x22 ./Core/Src/Led7Segment.o
 .debug_macro   0x000013bf       0xbd ./Core/Src/Led7Segment.o
 .debug_macro   0x0000147c      0xd23 ./Core/Src/Led7Segment.o
 .debug_macro   0x0000219f     0xde75 ./Core/Src/Led7Segment.o
 .debug_macro   0x00010014       0x6d ./Core/Src/Led7Segment.o
 .debug_macro   0x00010081     0x34a2 ./Core/Src/Led7Segment.o
 .debug_macro   0x00013523      0x189 ./Core/Src/Led7Segment.o
 .debug_macro   0x000136ac       0x5c ./Core/Src/Led7Segment.o
 .debug_macro   0x00013708      0x5bc ./Core/Src/Led7Segment.o
 .debug_macro   0x00013cc4      0x1b7 ./Core/Src/Led7Segment.o
 .debug_macro   0x00013e7b      0x1cb ./Core/Src/Led7Segment.o
 .debug_macro   0x00014046      0x114 ./Core/Src/Led7Segment.o
 .debug_macro   0x0001415a      0x1b2 ./Core/Src/Led7Segment.o
 .debug_macro   0x0001430c       0x27 ./Core/Src/Led7Segment.o
 .debug_macro   0x00014333      0x12f ./Core/Src/Led7Segment.o
 .debug_macro   0x00014462      0x1bc ./Core/Src/Led7Segment.o
 .debug_macro   0x0001461e       0x34 ./Core/Src/Led7Segment.o
 .debug_macro   0x00014652       0x3c ./Core/Src/Led7Segment.o
 .debug_macro   0x0001468e       0x57 ./Core/Src/Led7Segment.o
 .debug_macro   0x000146e5       0x87 ./Core/Src/Led7Segment.o
 .debug_macro   0x0001476c      0x183 ./Core/Src/Led7Segment.o
 .debug_macro   0x000148ef      0x140 ./Core/Src/Led7Segment.o
 .debug_macro   0x00014a2f      0x8ed ./Core/Src/Led7Segment.o
 .debug_macro   0x0001531c       0x69 ./Core/Src/Led7Segment.o
 .debug_macro   0x00015385      0x10c ./Core/Src/Led7Segment.o
 .debug_macro   0x00015491       0x34 ./Core/Src/Led7Segment.o
 .debug_macro   0x000154c5      0x1ba ./Core/Src/blink.o
 .debug_macro   0x0001567f      0x221 ./Core/Src/fsm_automatic.o
 .debug_macro   0x000158a0      0x225 ./Core/Src/fsm_manual.o
 .debug_macro   0x00015ac5      0x221 ./Core/Src/fsm_setting.o
 .debug_macro   0x00015ce6      0x21d ./Core/Src/global.o
 .debug_macro   0x00015f03      0x225 ./Core/Src/input_processing.o
 .debug_macro   0x00016128      0x221 ./Core/Src/input_reading.o
 .debug_macro   0x00016349      0x225 ./Core/Src/main.o
 .debug_macro   0x0001656e      0x144 ./Core/Src/scheduler.o
 .debug_macro   0x000166b2       0x24 ./Core/Src/scheduler.o
 .debug_macro   0x000166d6       0x61 ./Core/Src/scheduler.o
 .debug_macro   0x00016737       0x43 ./Core/Src/scheduler.o
 .debug_macro   0x0001677a       0x34 ./Core/Src/scheduler.o
 .debug_macro   0x000167ae       0x16 ./Core/Src/scheduler.o
 .debug_macro   0x000167c4      0x11c ./Core/Src/scheduler.o
 .debug_macro   0x000168e0       0x94 ./Core/Src/scheduler.o
 .debug_macro   0x00016974       0x16 ./Core/Src/scheduler.o
 .debug_macro   0x0001698a       0x43 ./Core/Src/scheduler.o
 .debug_macro   0x000169cd       0x34 ./Core/Src/scheduler.o
 .debug_macro   0x00016a01       0x10 ./Core/Src/scheduler.o
 .debug_macro   0x00016a11       0x58 ./Core/Src/scheduler.o
 .debug_macro   0x00016a69       0x8e ./Core/Src/scheduler.o
 .debug_macro   0x00016af7       0x1c ./Core/Src/scheduler.o
 .debug_macro   0x00016b13      0x177 ./Core/Src/scheduler.o
 .debug_macro   0x00016c8a      0x369 ./Core/Src/scheduler.o
 .debug_macro   0x00016ff3       0x16 ./Core/Src/scheduler.o
 .debug_macro   0x00017009       0x29 ./Core/Src/scheduler.o
 .debug_macro   0x00017032      0x1b0 ./Core/Src/setTrafficLight.o
 .debug_macro   0x000171e2      0x1a6 ./Core/Src/stm32f1xx_hal_msp.o
 .debug_macro   0x00017388      0x1b0 ./Core/Src/stm32f1xx_it.o
 .debug_macro   0x00017538       0xff ./Core/Src/sysmem.o
 .debug_macro   0x00017637      0x23c ./Core/Src/sysmem.o
 .debug_macro   0x00017873      0x197 ./Core/Src/system_stm32f1xx.o
 .debug_macro   0x00017a0a      0x225 ./Core/Src/timer.o
 .debug_macro   0x00017c2f      0x1bb ./Drivers/STM32F1xx_HAL_Driver/Src/stm32f1xx_hal.o
 .debug_macro   0x00017dea      0x197 ./Drivers/STM32F1xx_HAL_Driver/Src/stm32f1xx_hal_cortex.o
 .debug_macro   0x00017f81      0x202 ./Drivers/STM32F1xx_HAL_Driver/Src/stm32f1xx_hal_gpio.o
 .debug_macro   0x00018183      0x1a9 ./Drivers/STM32F1xx_HAL_Driver/Src/stm32f1xx_hal_rcc.o
 .debug_macro   0x0001832c      0x198 ./Drivers/STM32F1xx_HAL_Driver/Src/stm32f1xx_hal_tim.o
 .debug_macro   0x000184c4      0x197 ./Drivers/STM32F1xx_HAL_Driver/Src/stm32f1xx_hal_tim_ex.o

.debug_line     0x00000000     0xf857
 .debug_line    0x00000000      0x9b7 ./Core/Src/Led7Segment.o
 .debug_line    0x000009b7      0x711 ./Core/Src/blink.o
 .debug_line    0x000010c8      0x8ec ./Core/Src/fsm_automatic.o
 .debug_line    0x000019b4      0x88f ./Core/Src/fsm_manual.o
 .debug_line    0x00002243      0x7d3 ./Core/Src/fsm_setting.o
 .debug_line    0x00002a16      0x78d ./Core/Src/global.o
 .debug_line    0x000031a3      0x811 ./Core/Src/input_processing.o
 .debug_line    0x000039b4      0x7f8 ./Core/Src/input_reading.o
 .debug_line    0x000041ac      0x8cd ./Core/Src/main.o
 .debug_line    0x00004a79      0x6c7 ./Core/Src/scheduler.o
 .debug_line    0x00005140      0x78d ./Core/Src/setTrafficLight.o
 .debug_line    0x000058cd      0x739 ./Core/Src/stm32f1xx_hal_msp.o
 .debug_line    0x00006006      0x7d7 ./Core/Src/stm32f1xx_it.o
 .debug_line    0x000067dd      0x597 ./Core/Src/sysmem.o
 .debug_line    0x00006d74      0x77b ./Core/Src/system_stm32f1xx.o
 .debug_line    0x000074ef      0x88b ./Core/Src/timer.o
 .debug_line    0x00007d7a       0x79 ./Core/Startup/startup_stm32f103c6tx.o
 .debug_line    0x00007df3      0x9a8 ./Drivers/STM32F1xx_HAL_Driver/Src/stm32f1xx_hal.o
 .debug_line    0x0000879b      0xb94 ./Drivers/STM32F1xx_HAL_Driver/Src/stm32f1xx_hal_cortex.o
 .debug_line    0x0000932f      0xa2c ./Drivers/STM32F1xx_HAL_Driver/Src/stm32f1xx_hal_gpio.o
 .debug_line    0x00009d5b      0xdb1 ./Drivers/STM32F1xx_HAL_Driver/Src/stm32f1xx_hal_rcc.o
 .debug_line    0x0000ab0c     0x3484 ./Drivers/STM32F1xx_HAL_Driver/Src/stm32f1xx_hal_tim.o
 .debug_line    0x0000df90     0x18c7 ./Drivers/STM32F1xx_HAL_Driver/Src/stm32f1xx_hal_tim_ex.o

.debug_str      0x00000000    0x85fa7
 .debug_str     0x00000000    0x7f982 ./Core/Src/Led7Segment.o
                              0x7fcdc (size before relaxing)
 .debug_str     0x0007f982       0x4d ./Core/Src/blink.o
                              0x7fae3 (size before relaxing)
 .debug_str     0x0007f9cf      0x1d4 ./Core/Src/fsm_automatic.o
                              0x7fdaa (size before relaxing)
 .debug_str     0x0007fba3      0x125 ./Core/Src/fsm_manual.o
                              0x7fe26 (size before relaxing)
 .debug_str     0x0007fcc8       0x1a ./Core/Src/fsm_setting.o
                              0x7fc49 (size before relaxing)
 .debug_str     0x0007fce2       0x15 ./Core/Src/global.o
                              0x7fc88 (size before relaxing)
 .debug_str     0x0007fcf7       0x74 ./Core/Src/input_processing.o
                              0x7fcd8 (size before relaxing)
 .debug_str     0x0007fd6b       0x72 ./Core/Src/input_reading.o
                              0x7fca8 (size before relaxing)
 .debug_str     0x0007fddd      0x7c4 ./Core/Src/main.o
                              0x804d5 (size before relaxing)
 .debug_str     0x000805a1     0x3242 ./Core/Src/scheduler.o
                               0x7303 (size before relaxing)
 .debug_str     0x000837e3       0x1e ./Core/Src/setTrafficLight.o
                              0x7fb2c (size before relaxing)
 .debug_str     0x00083801      0x300 ./Core/Src/stm32f1xx_hal_msp.o
                              0x802ba (size before relaxing)
 .debug_str     0x00083b01       0xec ./Core/Src/stm32f1xx_it.o
                              0x7fff5 (size before relaxing)
 .debug_str     0x00083bed      0x4dc ./Core/Src/sysmem.o
                               0x606f (size before relaxing)
 .debug_str     0x000840c9       0x7e ./Core/Src/system_stm32f1xx.o
                              0x7f73e (size before relaxing)
 .debug_str     0x00084147       0x91 ./Core/Src/timer.o
                              0x7fd02 (size before relaxing)
 .debug_str     0x000841d8       0x44 ./Core/Startup/startup_stm32f103c6tx.o
                                 0x7a (size before relaxing)
 .debug_str     0x0008421c      0x38e ./Drivers/STM32F1xx_HAL_Driver/Src/stm32f1xx_hal.o
                              0x7fe37 (size before relaxing)
 .debug_str     0x000845aa      0x294 ./Drivers/STM32F1xx_HAL_Driver/Src/stm32f1xx_hal_cortex.o
                              0x7fd83 (size before relaxing)
 .debug_str     0x0008483e      0x2cd ./Drivers/STM32F1xx_HAL_Driver/Src/stm32f1xx_hal_gpio.o
                              0x7fac4 (size before relaxing)
 .debug_str     0x00084b0b      0x229 ./Drivers/STM32F1xx_HAL_Driver/Src/stm32f1xx_hal_rcc.o
                              0x7fb6d (size before relaxing)
 .debug_str     0x00084d34      0xde0 ./Drivers/STM32F1xx_HAL_Driver/Src/stm32f1xx_hal_tim.o
                              0x80b6f (size before relaxing)
 .debug_str     0x00085b14      0x493 ./Drivers/STM32F1xx_HAL_Driver/Src/stm32f1xx_hal_tim_ex.o
                              0x8037b (size before relaxing)

.comment        0x00000000       0x43
 .comment       0x00000000       0x43 ./Core/Src/Led7Segment.o
                                 0x44 (size before relaxing)
 .comment       0x00000043       0x44 ./Core/Src/blink.o
 .comment       0x00000043       0x44 ./Core/Src/fsm_automatic.o
 .comment       0x00000043       0x44 ./Core/Src/fsm_manual.o
 .comment       0x00000043       0x44 ./Core/Src/fsm_setting.o
 .comment       0x00000043       0x44 ./Core/Src/global.o
 .comment       0x00000043       0x44 ./Core/Src/input_processing.o
 .comment       0x00000043       0x44 ./Core/Src/input_reading.o
 .comment       0x00000043       0x44 ./Core/Src/main.o
 .comment       0x00000043       0x44 ./Core/Src/scheduler.o
 .comment       0x00000043       0x44 ./Core/Src/setTrafficLight.o
 .comment       0x00000043       0x44 ./Core/Src/stm32f1xx_hal_msp.o
 .comment       0x00000043       0x44 ./Core/Src/stm32f1xx_it.o
 .comment       0x00000043       0x44 ./Core/Src/sysmem.o
 .comment       0x00000043       0x44 ./Core/Src/system_stm32f1xx.o
 .comment       0x00000043       0x44 ./Core/Src/timer.o
 .comment       0x00000043       0x44 ./Drivers/STM32F1xx_HAL_Driver/Src/stm32f1xx_hal.o
 .comment       0x00000043       0x44 ./Drivers/STM32F1xx_HAL_Driver/Src/stm32f1xx_hal_cortex.o
 .comment       0x00000043       0x44 ./Drivers/STM32F1xx_HAL_Driver/Src/stm32f1xx_hal_gpio.o
 .comment       0x00000043       0x44 ./Drivers/STM32F1xx_HAL_Driver/Src/stm32f1xx_hal_rcc.o
 .comment       0x00000043       0x44 ./Drivers/STM32F1xx_HAL_Driver/Src/stm32f1xx_hal_tim.o
 .comment       0x00000043       0x44 ./Drivers/STM32F1xx_HAL_Driver/Src/stm32f1xx_hal_tim_ex.o

.debug_frame    0x00000000     0x2e58
 .debug_frame   0x00000000       0xa4 ./Core/Src/Led7Segment.o
 .debug_frame   0x000000a4       0x2c ./Core/Src/blink.o
 .debug_frame   0x000000d0       0x48 ./Core/Src/fsm_automatic.o
 .debug_frame   0x00000118       0x90 ./Core/Src/fsm_manual.o
 .debug_frame   0x000001a8       0x34 ./Core/Src/fsm_setting.o
 .debug_frame   0x000001dc       0x5c ./Core/Src/input_processing.o
 .debug_frame   0x00000238       0x5c ./Core/Src/input_reading.o
 .debug_frame   0x00000294       0xd4 ./Core/Src/main.o
 .debug_frame   0x00000368       0xbc ./Core/Src/scheduler.o
 .debug_frame   0x00000424       0xb8 ./Core/Src/setTrafficLight.o
 .debug_frame   0x000004dc       0x80 ./Core/Src/stm32f1xx_hal_msp.o
 .debug_frame   0x0000055c      0x120 ./Core/Src/stm32f1xx_it.o
 .debug_frame   0x0000067c       0x34 ./Core/Src/sysmem.o
 .debug_frame   0x000006b0       0x58 ./Core/Src/system_stm32f1xx.o
 .debug_frame   0x00000708       0xf8 ./Core/Src/timer.o
 .debug_frame   0x00000800      0x334 ./Drivers/STM32F1xx_HAL_Driver/Src/stm32f1xx_hal.o
 .debug_frame   0x00000b34      0x428 ./Drivers/STM32F1xx_HAL_Driver/Src/stm32f1xx_hal_cortex.o
 .debug_frame   0x00000f5c      0x14c ./Drivers/STM32F1xx_HAL_Driver/Src/stm32f1xx_hal_gpio.o
 .debug_frame   0x000010a8      0x218 ./Drivers/STM32F1xx_HAL_Driver/Src/stm32f1xx_hal_rcc.o
 .debug_frame   0x000012c0     0x11b4 ./Drivers/STM32F1xx_HAL_Driver/Src/stm32f1xx_hal_tim.o
 .debug_frame   0x00002474      0x638 ./Drivers/STM32F1xx_HAL_Driver/Src/stm32f1xx_hal_tim_ex.o
 .debug_frame   0x00002aac       0x30 D:/tool/ST/STM32CubeIDE_1.7.0/STM32CubeIDE/plugins/com.st.stm32cube.ide.mcu.externaltools.gnu-tools-for-stm32.12.3.rel1.win32_1.0.200.202406191623/tools/bin/../lib/gcc/arm-none-eabi/12.3.1/../../../../arm-none-eabi/lib/thumb/v7-m/nofp\libc_nano.a(libc_a-malloc.o)
 .debug_frame   0x00002adc       0x50 D:/tool/ST/STM32CubeIDE_1.7.0/STM32CubeIDE/plugins/com.st.stm32cube.ide.mcu.externaltools.gnu-tools-for-stm32.12.3.rel1.win32_1.0.200.202406191623/tools/bin/../lib/gcc/arm-none-eabi/12.3.1/../../../../arm-none-eabi/lib/thumb/v7-m/nofp\libc_nano.a(libc_a-mallocr.o)
 .debug_frame   0x00002b2c       0x30 D:/tool/ST/STM32CubeIDE_1.7.0/STM32CubeIDE/plugins/com.st.stm32cube.ide.mcu.externaltools.gnu-tools-for-stm32.12.3.rel1.win32_1.0.200.202406191623/tools/bin/../lib/gcc/arm-none-eabi/12.3.1/../../../../arm-none-eabi/lib/thumb/v7-m/nofp\libc_nano.a(libc_a-mlock.o)
 .debug_frame   0x00002b5c      0x144 D:/tool/ST/STM32CubeIDE_1.7.0/STM32CubeIDE/plugins/com.st.stm32cube.ide.mcu.externaltools.gnu-tools-for-stm32.12.3.rel1.win32_1.0.200.202406191623/tools/bin/../lib/gcc/arm-none-eabi/12.3.1/../../../../arm-none-eabi/lib/thumb/v7-m/nofp\libc_nano.a(libc_a-findfp.o)
 .debug_frame   0x00002ca0       0x20 D:/tool/ST/STM32CubeIDE_1.7.0/STM32CubeIDE/plugins/com.st.stm32cube.ide.mcu.externaltools.gnu-tools-for-stm32.12.3.rel1.win32_1.0.200.202406191623/tools/bin/../lib/gcc/arm-none-eabi/12.3.1/../../../../arm-none-eabi/lib/thumb/v7-m/nofp\libc_nano.a(libc_a-memset.o)
 .debug_frame   0x00002cc0       0x38 D:/tool/ST/STM32CubeIDE_1.7.0/STM32CubeIDE/plugins/com.st.stm32cube.ide.mcu.externaltools.gnu-tools-for-stm32.12.3.rel1.win32_1.0.200.202406191623/tools/bin/../lib/gcc/arm-none-eabi/12.3.1/../../../../arm-none-eabi/lib/thumb/v7-m/nofp\libc_nano.a(libc_a-reent.o)
 .debug_frame   0x00002cf8       0x2c D:/tool/ST/STM32CubeIDE_1.7.0/STM32CubeIDE/plugins/com.st.stm32cube.ide.mcu.externaltools.gnu-tools-for-stm32.12.3.rel1.win32_1.0.200.202406191623/tools/bin/../lib/gcc/arm-none-eabi/12.3.1/../../../../arm-none-eabi/lib/thumb/v7-m/nofp\libc_nano.a(libc_a-sbrkr.o)
 .debug_frame   0x00002d24       0x20 D:/tool/ST/STM32CubeIDE_1.7.0/STM32CubeIDE/plugins/com.st.stm32cube.ide.mcu.externaltools.gnu-tools-for-stm32.12.3.rel1.win32_1.0.200.202406191623/tools/bin/../lib/gcc/arm-none-eabi/12.3.1/../../../../arm-none-eabi/lib/thumb/v7-m/nofp\libc_nano.a(libc_a-errno.o)
 .debug_frame   0x00002d44       0x2c D:/tool/ST/STM32CubeIDE_1.7.0/STM32CubeIDE/plugins/com.st.stm32cube.ide.mcu.externaltools.gnu-tools-for-stm32.12.3.rel1.win32_1.0.200.202406191623/tools/bin/../lib/gcc/arm-none-eabi/12.3.1/../../../../arm-none-eabi/lib/thumb/v7-m/nofp\libc_nano.a(libc_a-init.o)
 .debug_frame   0x00002d70       0xb0 D:/tool/ST/STM32CubeIDE_1.7.0/STM32CubeIDE/plugins/com.st.stm32cube.ide.mcu.externaltools.gnu-tools-for-stm32.12.3.rel1.win32_1.0.200.202406191623/tools/bin/../lib/gcc/arm-none-eabi/12.3.1/../../../../arm-none-eabi/lib/thumb/v7-m/nofp\libc_nano.a(libc_a-lock.o)
 .debug_frame   0x00002e20       0x38 D:/tool/ST/STM32CubeIDE_1.7.0/STM32CubeIDE/plugins/com.st.stm32cube.ide.mcu.externaltools.gnu-tools-for-stm32.12.3.rel1.win32_1.0.200.202406191623/tools/bin/../lib/gcc/arm-none-eabi/12.3.1/../../../../arm-none-eabi/lib/thumb/v7-m/nofp\libc_nano.a(libc_a-freer.o)

.debug_line_str
                0x00000000       0x5e
 .debug_line_str
                0x00000000       0x5e ./Core/Startup/startup_stm32f103c6tx.o
